// Jest Snapshot v1, https://goo.gl/fbAQLP

exports[`Actions: Request Actions should successfully dispatch the resolveApproveOrDisapprove action 1`] = `
Array [
  Object {
    "type": "REQUEST_LOADING",
  },
]
`;
